#-----------------------------------------------------------
# Vivado v2020.1 (64-bit)
# SW Build 2902540 on Wed May 27 19:54:49 MDT 2020
# IP Build 2902112 on Wed May 27 22:43:36 MDT 2020
# Start of session at: Fri May  5 13:25:25 2023
# Process ID: 19872
# Current directory: E:/pipelined_riscv_processor/pipelined_processor
# Command line: vivado.exe -gui_launcher_event rodinguilauncherevent14656 E:\pipelined_riscv_processor\pipelined_processor\pipelined_processor.xpr
# Log file: E:/pipelined_riscv_processor/pipelined_processor/vivado.log
# Journal file: E:/pipelined_riscv_processor/pipelined_processor\vivado.jou
#-----------------------------------------------------------
start_gui
open_project E:/pipelined_riscv_processor/pipelined_processor/pipelined_processor.xpr
update_compile_order -fileset sources_1
add_files -norecurse {E:/pipelined_riscv_processor/src_files/Pipelined_Test.v E:/pipelined_riscv_processor/src_files/test/IDEX_2.v}
update_compile_order -fileset sources_1
launch_simulation
add_files -norecurse E:/pipelined_riscv_processor/src_files/Pipelined_Test.v
update_compile_order -fileset sources_1
launch_simulation
add_files -norecurse E:/pipelined_riscv_processor/src_files/Mux_3x1.v
update_compile_order -fileset sources_1
launch_simulation
launch_simulation
launch_simulation
add_files -norecurse E:/pipelined_riscv_processor/src_files/Forwarding_Unit.v
update_compile_order -fileset sources_1
launch_simulation
source testbench_Top.tcl
close_sim
launch_simulation
source testbench_Top.tcl
close_sim
launch_simulation
source testbench_Top.tcl
close_sim
launch_simulation
source testbench_Top.tcl
set_property -name {xsim.simulate.runtime} -value {1000ns} -objects [get_filesets sim_1]
close_sim
launch_simulation
source testbench_Top.tcl
close_sim
launch_simulation
source testbench_Top.tcl
close_sim
launch_simulation
source testbench_Top.tcl
close_sim
launch_simulation
source testbench_Top.tcl
close_sim
launch_simulation
source testbench_Top.tcl
close_sim
launch_simulation
source testbench_Top.tcl
